{"uuid": "b8d93f6e-1d29-45ad-bcf9-20bb90ee540e", "counter": 23, "stdout": "\u001b[0;32mok: [demo03] => {\u001b[0m\r\n\u001b[0;32m    \"msg\": \"\ud83d\udcbe USO DE RECURSOS\\n================\\n\ud83d\udcc2 Uso de disco:\\n  Filesystem           Size  Used Avail Use% Mounted on\\n  devtmpfs             4.0M     0  4.0M   0% /dev\\n  tmpfs                756M     0  756M   0% /dev/shm\\n  tmpfs                303M  7.0M  296M   3% /run\\n  /dev/mapper/ol-root   37G  5.0G   32G  14% /\\n  /dev/sda2            960M  562M  399M  59% /boot\\n  /dev/sda1            599M  6.3M  593M   2% /boot/efi\\n  tmpfs                152M     0  152M   0% /run/user/1000\\n\\n\ud83e\udde0 Uso de memoria:\\n                 total        used        free      shared  buff/cache   available\\n  Mem:           1.5Gi       436Mi       588Mi       7.0Mi       649Mi       1.0Gi\\n  Swap:          2.0Gi          0B       2.0Gi\\n\"\u001b[0m\r\n\u001b[0;32m}\u001b[0m", "start_line": 24, "end_line": 27, "runner_ident": "a0480a03-2c60-4797-95df-5f46ea64ca6e", "event": "runner_on_ok", "pid": 93485, "created": "2025-05-16T23:36:55.189316+00:00", "parent_uuid": "005056b7-f67d-eac4-cedc-000000000009", "event_data": {"playbook": "/tmp/tmpxltdaxkk.yml", "playbook_uuid": "f5e1e568-8ea6-4ab0-9cfc-69605506c93a", "play": "Auditor\u00eda de Seguridad y Actualizaciones del Sistema", "play_uuid": "005056b7-f67d-eac4-cedc-000000000002", "play_pattern": "demo03", "task": "Mostrar informaci\u00f3n de recursos", "task_uuid": "005056b7-f67d-eac4-cedc-000000000009", "task_action": "ansible.builtin.debug", "resolved_action": "ansible.builtin.debug", "task_args": "", "task_path": "/tmp/tmpxltdaxkk.yml:43", "host": "demo03", "remote_addr": "demo03", "res": {"msg": "\ud83d\udcbe USO DE RECURSOS\n================\n\ud83d\udcc2 Uso de disco:\n  Filesystem           Size  Used Avail Use% Mounted on\n  devtmpfs             4.0M     0  4.0M   0% /dev\n  tmpfs                756M     0  756M   0% /dev/shm\n  tmpfs                303M  7.0M  296M   3% /run\n  /dev/mapper/ol-root   37G  5.0G   32G  14% /\n  /dev/sda2            960M  562M  399M  59% /boot\n  /dev/sda1            599M  6.3M  593M   2% /boot/efi\n  tmpfs                152M     0  152M   0% /run/user/1000\n\n\ud83e\udde0 Uso de memoria:\n                 total        used        free      shared  buff/cache   available\n  Mem:           1.5Gi       436Mi       588Mi       7.0Mi       649Mi       1.0Gi\n  Swap:          2.0Gi          0B       2.0Gi\n", "_ansible_verbose_always": true, "_ansible_no_log": false, "changed": false}, "start": "2025-05-16T23:36:55.135883+00:00", "end": "2025-05-16T23:36:55.188916+00:00", "duration": 0.053033, "event_loop": null, "uuid": "b8d93f6e-1d29-45ad-bcf9-20bb90ee540e"}}