{"uuid": "0633e48b-2400-42f8-a8ae-34daf75bb7e4", "counter": 62, "stdout": "\u001b[0;32mok: [demo02] => {\u001b[0m\r\n\u001b[0;32m    \"msg\": \"\ud83d\udcbe USO DE RECURSOS\\n================\\n\ud83d\udcc2 Uso de disco:\\n  Filesystem           Size  Used Avail Use% Mounted on\\n  devtmpfs             4.0M     0  4.0M   0% /dev\\n  tmpfs                756M     0  756M   0% /dev/shm\\n  tmpfs                303M  8.7M  294M   3% /run\\n  /dev/mapper/ol-root   37G  4.5G   32G  13% /\\n  /dev/sda2            960M  277M  684M  29% /boot\\n  /dev/sda1            599M  6.3M  593M   2% /boot/efi\\n  tmpfs                152M     0  152M   0% /run/user/0\\n  tmpfs                152M     0  152M   0% /run/user/1000\\n\\n\ud83e\udde0 Uso de memoria:\\n                 total        used        free      shared  buff/cache   available\\n  Mem:           1.5Gi       528Mi       330Mi       9.0Mi       843Mi       982Mi\\n  Swap:          2.0Gi          0B       2.0Gi\\n\"\u001b[0m\r\n\u001b[0;32m}\u001b[0m", "start_line": 49, "end_line": 52, "runner_ident": "81f439b5-0a33-49e5-bd56-43b2f7241ce7", "event": "runner_on_ok", "pid": 258569, "created": "2025-05-18T11:08:04.184231+00:00", "parent_uuid": "005056b7-f67d-5ee9-e579-00000000000c", "event_data": {"playbook": "/tmp/tmpjq4525ws.yml", "playbook_uuid": "aad27e5b-4ff9-4bf3-952d-aea3e596eaec", "play": "Auditor\u00eda de Seguridad y Actualizaciones del Sistema", "play_uuid": "005056b7-f67d-5ee9-e579-000000000005", "play_pattern": "BACKEND", "task": "Mostrar informaci\u00f3n de recursos", "task_uuid": "005056b7-f67d-5ee9-e579-00000000000c", "task_action": "ansible.builtin.debug", "resolved_action": "ansible.builtin.debug", "task_args": "", "task_path": "/tmp/tmpjq4525ws.yml:43", "host": "demo02", "remote_addr": "demo02", "res": {"msg": "\ud83d\udcbe USO DE RECURSOS\n================\n\ud83d\udcc2 Uso de disco:\n  Filesystem           Size  Used Avail Use% Mounted on\n  devtmpfs             4.0M     0  4.0M   0% /dev\n  tmpfs                756M     0  756M   0% /dev/shm\n  tmpfs                303M  8.7M  294M   3% /run\n  /dev/mapper/ol-root   37G  4.5G   32G  13% /\n  /dev/sda2            960M  277M  684M  29% /boot\n  /dev/sda1            599M  6.3M  593M   2% /boot/efi\n  tmpfs                152M     0  152M   0% /run/user/0\n  tmpfs                152M     0  152M   0% /run/user/1000\n\n\ud83e\udde0 Uso de memoria:\n                 total        used        free      shared  buff/cache   available\n  Mem:           1.5Gi       528Mi       330Mi       9.0Mi       843Mi       982Mi\n  Swap:          2.0Gi          0B       2.0Gi\n", "_ansible_verbose_always": true, "_ansible_no_log": false, "changed": false}, "start": "2025-05-18T11:08:04.145519+00:00", "end": "2025-05-18T11:08:04.183507+00:00", "duration": 0.037988, "event_loop": null, "uuid": "0633e48b-2400-42f8-a8ae-34daf75bb7e4"}}