{"uuid": "2ccc51e2-c36b-497e-a7e4-89860ad473f7", "counter": 64, "stdout": "\u001b[0;32mok: [demo03] => {\u001b[0m\r\n\u001b[0;32m    \"msg\": \"\ud83d\udcbe USO DE RECURSOS\\n================\\n\ud83d\udcc2 Uso de disco:\\n  Filesystem           Size  Used Avail Use% Mounted on\\n  devtmpfs             4.0M     0  4.0M   0% /dev\\n  tmpfs                980M     0  980M   0% /dev/shm\\n  tmpfs                392M  8.9M  383M   3% /run\\n  /dev/mapper/ol-root   37G  4.6G   32G  13% /\\n  /dev/sda2            960M  244M  717M  26% /boot\\n  /dev/sda1            599M  6.3M  593M   2% /boot/efi\\n  tmpfs                196M     0  196M   0% /run/user/1000\\n\\n\ud83e\udde0 Uso de memoria:\\n                 total        used        free      shared  buff/cache   available\\n  Mem:           1.9Gi       532Mi       829Mi       9.0Mi       788Mi       1.4Gi\\n  Swap:          2.0Gi          0B       2.0Gi\\n\"\u001b[0m\r\n\u001b[0;32m}\u001b[0m", "start_line": 52, "end_line": 55, "runner_ident": "81f439b5-0a33-49e5-bd56-43b2f7241ce7", "event": "runner_on_ok", "pid": 258569, "created": "2025-05-18T11:08:04.202600+00:00", "parent_uuid": "005056b7-f67d-5ee9-e579-00000000000c", "event_data": {"playbook": "/tmp/tmpjq4525ws.yml", "playbook_uuid": "aad27e5b-4ff9-4bf3-952d-aea3e596eaec", "play": "Auditor\u00eda de Seguridad y Actualizaciones del Sistema", "play_uuid": "005056b7-f67d-5ee9-e579-000000000005", "play_pattern": "BACKEND", "task": "Mostrar informaci\u00f3n de recursos", "task_uuid": "005056b7-f67d-5ee9-e579-00000000000c", "task_action": "ansible.builtin.debug", "resolved_action": "ansible.builtin.debug", "task_args": "", "task_path": "/tmp/tmpjq4525ws.yml:43", "host": "demo03", "remote_addr": "demo03", "res": {"msg": "\ud83d\udcbe USO DE RECURSOS\n================\n\ud83d\udcc2 Uso de disco:\n  Filesystem           Size  Used Avail Use% Mounted on\n  devtmpfs             4.0M     0  4.0M   0% /dev\n  tmpfs                980M     0  980M   0% /dev/shm\n  tmpfs                392M  8.9M  383M   3% /run\n  /dev/mapper/ol-root   37G  4.6G   32G  13% /\n  /dev/sda2            960M  244M  717M  26% /boot\n  /dev/sda1            599M  6.3M  593M   2% /boot/efi\n  tmpfs                196M     0  196M   0% /run/user/1000\n\n\ud83e\udde0 Uso de memoria:\n                 total        used        free      shared  buff/cache   available\n  Mem:           1.9Gi       532Mi       829Mi       9.0Mi       788Mi       1.4Gi\n  Swap:          2.0Gi          0B       2.0Gi\n", "_ansible_verbose_always": true, "_ansible_no_log": false, "changed": false}, "start": "2025-05-18T11:08:04.160903+00:00", "end": "2025-05-18T11:08:04.201827+00:00", "duration": 0.040924, "event_loop": null, "uuid": "2ccc51e2-c36b-497e-a7e4-89860ad473f7"}}