{"uuid": "b32dc6e1-0aa8-41b9-b38f-7b480f773afa", "counter": 23, "stdout": "\u001b[0;32mok: [demo02] => {\u001b[0m\r\n\u001b[0;32m    \"msg\": \"\ud83d\udcbe USO DE RECURSOS\\n================\\n\ud83d\udcc2 Uso de disco:\\n  Filesystem           Size  Used Avail Use% Mounted on\\n  devtmpfs             4.0M     0  4.0M   0% /dev\\n  tmpfs                756M     0  756M   0% /dev/shm\\n  tmpfs                303M  8.8M  294M   3% /run\\n  /dev/mapper/ol-root   37G  4.9G   32G  14% /\\n  /dev/sda2            960M  562M  399M  59% /boot\\n  /dev/sda1            599M  6.3M  593M   2% /boot/efi\\n  tmpfs                152M     0  152M   0% /run/user/1000\\n\\n\ud83e\udde0 Uso de memoria:\\n                 total        used        free      shared  buff/cache   available\\n  Mem:           1.5Gi       437Mi       578Mi       9.0Mi       661Mi       1.0Gi\\n  Swap:          2.0Gi          0B       2.0Gi\\n\"\u001b[0m\r\n\u001b[0;32m}\u001b[0m", "start_line": 24, "end_line": 27, "runner_ident": "e3536fa7-5217-49cf-87e5-a2a1b1dc2b5b", "event": "runner_on_ok", "pid": 163819, "created": "2025-05-17T10:46:58.605967+00:00", "parent_uuid": "005056b7-f67d-6d8c-6bfd-000000000009", "event_data": {"playbook": "/tmp/tmptuwtgt4l.yml", "playbook_uuid": "bd237ac3-482a-458b-bbba-e2b475dadea0", "play": "Auditor\u00eda de Seguridad y Actualizaciones del Sistema", "play_uuid": "005056b7-f67d-6d8c-6bfd-000000000002", "play_pattern": "demo02", "task": "Mostrar informaci\u00f3n de recursos", "task_uuid": "005056b7-f67d-6d8c-6bfd-000000000009", "task_action": "ansible.builtin.debug", "resolved_action": "ansible.builtin.debug", "task_args": "", "task_path": "/tmp/tmptuwtgt4l.yml:43", "host": "demo02", "remote_addr": "demo02", "res": {"msg": "\ud83d\udcbe USO DE RECURSOS\n================\n\ud83d\udcc2 Uso de disco:\n  Filesystem           Size  Used Avail Use% Mounted on\n  devtmpfs             4.0M     0  4.0M   0% /dev\n  tmpfs                756M     0  756M   0% /dev/shm\n  tmpfs                303M  8.8M  294M   3% /run\n  /dev/mapper/ol-root   37G  4.9G   32G  14% /\n  /dev/sda2            960M  562M  399M  59% /boot\n  /dev/sda1            599M  6.3M  593M   2% /boot/efi\n  tmpfs                152M     0  152M   0% /run/user/1000\n\n\ud83e\udde0 Uso de memoria:\n                 total        used        free      shared  buff/cache   available\n  Mem:           1.5Gi       437Mi       578Mi       9.0Mi       661Mi       1.0Gi\n  Swap:          2.0Gi          0B       2.0Gi\n", "_ansible_verbose_always": true, "_ansible_no_log": false, "changed": false}, "start": "2025-05-17T10:46:58.555791+00:00", "end": "2025-05-17T10:46:58.605557+00:00", "duration": 0.049766, "event_loop": null, "uuid": "b32dc6e1-0aa8-41b9-b38f-7b480f773afa"}}