{"uuid": "f48a492f-efa6-4654-b474-d54f1e66a72b", "counter": 37, "stdout": "\u001b[0;32mok: [demo02] => {\u001b[0m\r\n\u001b[0;32m    \"msg\": \"\ud83d\udcbe USO DE RECURSOS\\n================\\n\ud83d\udcc2 Uso de disco:\\n  Filesystem           Size  Used Avail Use% Mounted on\\n  devtmpfs             4.0M     0  4.0M   0% /dev\\n  tmpfs                756M     0  756M   0% /dev/shm\\n  tmpfs                303M  7.0M  296M   3% /run\\n  /dev/mapper/ol-root   37G  4.9G   32G  14% /\\n  /dev/sda2            960M  562M  399M  59% /boot\\n  /dev/sda1            599M  6.3M  593M   2% /boot/efi\\n  tmpfs                152M     0  152M   0% /run/user/1000\\n\\n\ud83e\udde0 Uso de memoria:\\n                 total        used        free      shared  buff/cache   available\\n  Mem:           1.5Gi       417Mi       620Mi       7.0Mi       630Mi       1.1Gi\\n  Swap:          2.0Gi          0B       2.0Gi\\n\"\u001b[0m\r\n\u001b[0;32m}\u001b[0m", "start_line": 33, "end_line": 36, "runner_ident": "6e6da1c4-6185-46a4-839c-f3aa779166db", "event": "runner_on_ok", "pid": 94068, "created": "2025-05-16T23:40:25.236936+00:00", "parent_uuid": "005056b7-f67d-59eb-921a-00000000000a", "event_data": {"playbook": "/tmp/tmpg2qz6hw8.yml", "playbook_uuid": "6166359f-0de9-4f42-9be2-9f45abdc0485", "play": "Auditor\u00eda de Seguridad y Actualizaciones del Sistema", "play_uuid": "005056b7-f67d-59eb-921a-000000000003", "play_pattern": "BACKEND", "task": "Mostrar informaci\u00f3n de recursos", "task_uuid": "005056b7-f67d-59eb-921a-00000000000a", "task_action": "ansible.builtin.debug", "resolved_action": "ansible.builtin.debug", "task_args": "", "task_path": "/tmp/tmpg2qz6hw8.yml:43", "host": "demo02", "remote_addr": "demo02", "res": {"msg": "\ud83d\udcbe USO DE RECURSOS\n================\n\ud83d\udcc2 Uso de disco:\n  Filesystem           Size  Used Avail Use% Mounted on\n  devtmpfs             4.0M     0  4.0M   0% /dev\n  tmpfs                756M     0  756M   0% /dev/shm\n  tmpfs                303M  7.0M  296M   3% /run\n  /dev/mapper/ol-root   37G  4.9G   32G  14% /\n  /dev/sda2            960M  562M  399M  59% /boot\n  /dev/sda1            599M  6.3M  593M   2% /boot/efi\n  tmpfs                152M     0  152M   0% /run/user/1000\n\n\ud83e\udde0 Uso de memoria:\n                 total        used        free      shared  buff/cache   available\n  Mem:           1.5Gi       417Mi       620Mi       7.0Mi       630Mi       1.1Gi\n  Swap:          2.0Gi          0B       2.0Gi\n", "_ansible_verbose_always": true, "_ansible_no_log": false, "changed": false}, "start": "2025-05-16T23:40:25.170857+00:00", "end": "2025-05-16T23:40:25.236557+00:00", "duration": 0.0657, "event_loop": null, "uuid": "f48a492f-efa6-4654-b474-d54f1e66a72b"}}