{"uuid": "1444f448-73cc-45dd-8bf7-571a827e9098", "counter": 37, "stdout": "\u001b[0;32mok: [demo02] => {\u001b[0m\r\n\u001b[0;32m    \"msg\": \"\ud83d\udcbe USO DE RECURSOS\\n================\\n\ud83d\udcc2 Uso de disco:\\n  Filesystem           Size  Used Avail Use% Mounted on\\n  devtmpfs             4.0M     0  4.0M   0% /dev\\n  tmpfs                756M     0  756M   0% /dev/shm\\n  tmpfs                303M  8.8M  294M   3% /run\\n  /dev/mapper/ol-root   37G  4.9G   32G  14% /\\n  /dev/sda2            960M  562M  399M  59% /boot\\n  /dev/sda1            599M  6.3M  593M   2% /boot/efi\\n  tmpfs                152M     0  152M   0% /run/user/1000\\n\\n\ud83e\udde0 Uso de memoria:\\n                 total        used        free      shared  buff/cache   available\\n  Mem:           1.5Gi       524Mi       336Mi       9.0Mi       841Mi       986Mi\\n  Swap:          2.0Gi          0B       2.0Gi\\n\"\u001b[0m\r\n\u001b[0;32m}\u001b[0m", "start_line": 33, "end_line": 36, "runner_ident": "b390ddf4-5e6a-441a-a42d-0a4e92188afb", "event": "runner_on_ok", "pid": 164516, "created": "2025-05-17T10:54:21.585835+00:00", "parent_uuid": "005056b7-f67d-dcdc-4c93-00000000000a", "event_data": {"playbook": "/tmp/tmp6a04spet.yml", "playbook_uuid": "12ed9e75-9fab-4f23-ab78-86f3feab84c1", "play": "Auditor\u00eda de Seguridad y Actualizaciones del Sistema", "play_uuid": "005056b7-f67d-dcdc-4c93-000000000003", "play_pattern": "BACKEND", "task": "Mostrar informaci\u00f3n de recursos", "task_uuid": "005056b7-f67d-dcdc-4c93-00000000000a", "task_action": "ansible.builtin.debug", "resolved_action": "ansible.builtin.debug", "task_args": "", "task_path": "/tmp/tmp6a04spet.yml:43", "host": "demo02", "remote_addr": "demo02", "res": {"msg": "\ud83d\udcbe USO DE RECURSOS\n================\n\ud83d\udcc2 Uso de disco:\n  Filesystem           Size  Used Avail Use% Mounted on\n  devtmpfs             4.0M     0  4.0M   0% /dev\n  tmpfs                756M     0  756M   0% /dev/shm\n  tmpfs                303M  8.8M  294M   3% /run\n  /dev/mapper/ol-root   37G  4.9G   32G  14% /\n  /dev/sda2            960M  562M  399M  59% /boot\n  /dev/sda1            599M  6.3M  593M   2% /boot/efi\n  tmpfs                152M     0  152M   0% /run/user/1000\n\n\ud83e\udde0 Uso de memoria:\n                 total        used        free      shared  buff/cache   available\n  Mem:           1.5Gi       524Mi       336Mi       9.0Mi       841Mi       986Mi\n  Swap:          2.0Gi          0B       2.0Gi\n", "_ansible_verbose_always": true, "_ansible_no_log": false, "changed": false}, "start": "2025-05-17T10:54:21.542134+00:00", "end": "2025-05-17T10:54:21.585423+00:00", "duration": 0.043289, "event_loop": null, "uuid": "1444f448-73cc-45dd-8bf7-571a827e9098"}}