{"uuid": "1191e332-ca8b-4af3-a400-0583488709ce", "counter": 38, "stdout": "\u001b[0;32mok: [demo03] => {\u001b[0m\r\n\u001b[0;32m    \"msg\": \"\ud83d\udcbe USO DE RECURSOS\\n================\\n\ud83d\udcc2 Uso de disco:\\n  Filesystem           Size  Used Avail Use% Mounted on\\n  devtmpfs             4.0M     0  4.0M   0% /dev\\n  tmpfs                980M     0  980M   0% /dev/shm\\n  tmpfs                392M  5.7M  387M   2% /run\\n  /dev/mapper/ol-root   37G  5.0G   32G  14% /\\n  /dev/sda2            960M  529M  432M  56% /boot\\n  /dev/sda1            599M  6.3M  593M   2% /boot/efi\\n  tmpfs                196M     0  196M   0% /run/user/1000\\n\\n\ud83e\udde0 Uso de memoria:\\n                 total        used        free      shared  buff/cache   available\\n  Mem:           1.9Gi       399Mi       1.1Gi       6.0Mi       579Mi       1.5Gi\\n  Swap:          2.0Gi          0B       2.0Gi\\n\"\u001b[0m\r\n\u001b[0;32m}\u001b[0m", "start_line": 36, "end_line": 39, "runner_ident": "b390ddf4-5e6a-441a-a42d-0a4e92188afb", "event": "runner_on_ok", "pid": 164516, "created": "2025-05-17T10:54:21.606748+00:00", "parent_uuid": "005056b7-f67d-dcdc-4c93-00000000000a", "event_data": {"playbook": "/tmp/tmp6a04spet.yml", "playbook_uuid": "12ed9e75-9fab-4f23-ab78-86f3feab84c1", "play": "Auditor\u00eda de Seguridad y Actualizaciones del Sistema", "play_uuid": "005056b7-f67d-dcdc-4c93-000000000003", "play_pattern": "BACKEND", "task": "Mostrar informaci\u00f3n de recursos", "task_uuid": "005056b7-f67d-dcdc-4c93-00000000000a", "task_action": "ansible.builtin.debug", "resolved_action": "ansible.builtin.debug", "task_args": "", "task_path": "/tmp/tmp6a04spet.yml:43", "host": "demo03", "remote_addr": "demo03", "res": {"msg": "\ud83d\udcbe USO DE RECURSOS\n================\n\ud83d\udcc2 Uso de disco:\n  Filesystem           Size  Used Avail Use% Mounted on\n  devtmpfs             4.0M     0  4.0M   0% /dev\n  tmpfs                980M     0  980M   0% /dev/shm\n  tmpfs                392M  5.7M  387M   2% /run\n  /dev/mapper/ol-root   37G  5.0G   32G  14% /\n  /dev/sda2            960M  529M  432M  56% /boot\n  /dev/sda1            599M  6.3M  593M   2% /boot/efi\n  tmpfs                196M     0  196M   0% /run/user/1000\n\n\ud83e\udde0 Uso de memoria:\n                 total        used        free      shared  buff/cache   available\n  Mem:           1.9Gi       399Mi       1.1Gi       6.0Mi       579Mi       1.5Gi\n  Swap:          2.0Gi          0B       2.0Gi\n", "_ansible_verbose_always": true, "_ansible_no_log": false, "changed": false}, "start": "2025-05-17T10:54:21.558338+00:00", "end": "2025-05-17T10:54:21.605722+00:00", "duration": 0.047384, "event_loop": null, "uuid": "1191e332-ca8b-4af3-a400-0583488709ce"}}